Watching for file changes with StatReloader
[22/Sep/2026 09:14:49] "GET /api/docs/ HTTP/1.1" 200 4645
[22/Sep/2026 09:14:49,099] - Broken pipe from ('127.0.0.1', 55263)
[22/Sep/2026 09:34:03] "GET /admin/login/?next=/admin/ HTTP/1.1" 200 4312
Not Found: /favicon.ico
[22/Sep/2026 09:34:03] "GET /favicon.ico HTTP/1.1" 404 4766
[22/Sep/2026 09:44:46] "GET /api/docs/ HTTP/1.1" 200 4645
[22/Sep/2026 09:44:46,945] - Broken pipe from ('127.0.0.1', 53391)
[22/Sep/2026 09:56:57] "OPTIONS /api/auth/me/ HTTP/1.1" 200 0
[22/Sep/2026 09:56:57] "OPTIONS /api/auth/me/ HTTP/1.1" 200 0
Unauthorized: /api/auth/me/
[22/Sep/2026 09:56:57] "GET /api/auth/me/ HTTP/1.1" 401 200
Unauthorized: /api/auth/me/
[22/Sep/2026 09:56:57] "GET /api/auth/me/ HTTP/1.1" 401 200
[22/Sep/2026 09:56:57] "OPTIONS /api/auth/refresh/ HTTP/1.1" 200 0
[22/Sep/2026 09:56:57] "POST /api/auth/refresh/ HTTP/1.1" 200 665
[22/Sep/2026 09:56:57] "GET /api/auth/me/ HTTP/1.1" 200 277
[22/Sep/2026 09:56:57] "GET /api/auth/me/ HTTP/1.1" 200 277
[22/Sep/2026 09:56:57] "OPTIONS /api/follow-ups/overdue/ HTTP/1.1" 200 0
[22/Sep/2026 09:56:57] "OPTIONS /api/follow-ups/overdue/ HTTP/1.1" 200 0
[22/Sep/2026 09:56:57] "OPTIONS /api/reports/summary/ HTTP/1.1" 200 0
[22/Sep/2026 09:56:57] "OPTIONS /api/reports/summary/ HTTP/1.1" 200 0
[22/Sep/2026 09:56:57] "GET /api/follow-ups/overdue/ HTTP/1.1" 200 708
[22/Sep/2026 09:56:57] "GET /api/follow-ups/overdue/ HTTP/1.1" 200 708
[22/Sep/2026 09:56:57] "GET /api/reports/summary/ HTTP/1.1" 200 1847
[22/Sep/2026 09:56:57] "GET /api/reports/summary/ HTTP/1.1" 200 1847
[22/Sep/2026 09:57:04] "OPTIONS /api/leads/sources/ HTTP/1.1" 200 0
[22/Sep/2026 09:57:04] "OPTIONS /api/follow-ups/?page_size=5&ordering=follow_up_at HTTP/1.1" 200 0
[22/Sep/2026 09:57:04] "OPTIONS /api/follow-ups/?page_size=5&ordering=follow_up_at HTTP/1.1" 200 0
[22/Sep/2026 09:57:04] "OPTIONS /api/activity/?page_size=6 HTTP/1.1" 200 0
[22/Sep/2026 09:57:04] "OPTIONS /api/leads/?page=1 HTTP/1.1" 200 0
[22/Sep/2026 09:57:04] "OPTIONS /api/leads/?page=1 HTTP/1.1" 200 0
[22/Sep/2026 09:57:04] "OPTIONS /api/activity/?page_size=6 HTTP/1.1" 200 0
[22/Sep/2026 09:57:04] "OPTIONS /api/leads/sources/ HTTP/1.1" 200 0
[22/Sep/2026 09:57:04] "GET /api/leads/sources/ HTTP/1.1" 200 1195
[22/Sep/2026 09:57:04] "GET /api/activity/?page_size=6 HTTP/1.1" 200 1929
[22/Sep/2026 09:57:04] "GET /api/follow-ups/?page_size=5&ordering=follow_up_at HTTP/1.1" 200 2683
[22/Sep/2026 09:57:04] "GET /api/leads/sources/ HTTP/1.1" 200 1195
[22/Sep/2026 09:57:04] "GET /api/leads/?page=1 HTTP/1.1" 200 5266
[22/Sep/2026 09:57:04] "GET /api/activity/?page_size=6 HTTP/1.1" 200 1929
[22/Sep/2026 09:57:04] "GET /api/follow-ups/?page_size=5&ordering=follow_up_at HTTP/1.1" 200 2683
[22/Sep/2026 09:57:04] "GET /api/leads/?page=1 HTTP/1.1" 200 5266
[22/Sep/2026 09:57:04] "GET /api/reports/summary/ HTTP/1.1" 200 1847
[22/Sep/2026 09:57:04] "GET /api/reports/summary/ HTTP/1.1" 200 1847
[22/Sep/2026 09:57:10] "OPTIONS /api/leads/pipeline/ HTTP/1.1" 200 0
[22/Sep/2026 09:57:10] "OPTIONS /api/leads/pipeline/ HTTP/1.1" 200 0
[22/Sep/2026 09:57:10] "GET /api/leads/pipeline/ HTTP/1.1" 200 5680
[22/Sep/2026 09:57:10] "GET /api/leads/pipeline/ HTTP/1.1" 200 5680
[22/Sep/2026 09:57:17] "OPTIONS /api/follow-ups/ HTTP/1.1" 200 0
[22/Sep/2026 09:57:17] "OPTIONS /api/follow-ups/ HTTP/1.1" 200 0
[22/Sep/2026 09:57:17] "OPTIONS /api/leads/?page_size=100 HTTP/1.1" 200 0
[22/Sep/2026 09:57:17] "OPTIONS /api/leads/?page_size=100 HTTP/1.1" 200 0
[22/Sep/2026 09:57:17] "GET /api/follow-ups/ HTTP/1.1" 200 2683
[22/Sep/2026 09:57:17] "GET /api/leads/?page_size=100 HTTP/1.1" 200 5266
[22/Sep/2026 09:57:17] "GET /api/follow-ups/ HTTP/1.1" 200 2683
[22/Sep/2026 09:57:17] "GET /api/leads/?page_size=100 HTTP/1.1" 200 5266
[22/Sep/2026 09:57:19] "OPTIONS /api/customers/ HTTP/1.1" 200 0
[22/Sep/2026 09:57:19] "OPTIONS /api/customers/ HTTP/1.1" 200 0
[22/Sep/2026 09:57:19] "GET /api/customers/ HTTP/1.1" 200 758
[22/Sep/2026 09:57:19] "GET /api/customers/ HTTP/1.1" 200 758
[22/Sep/2026 09:57:21] "GET /api/leads/sources/ HTTP/1.1" 200 1195
[22/Sep/2026 09:57:21] "GET /api/leads/sources/ HTTP/1.1" 200 1195
[22/Sep/2026 09:57:21] "GET /api/reports/summary/ HTTP/1.1" 200 1847
[22/Sep/2026 09:57:21] "OPTIONS /api/users/ HTTP/1.1" 200 0
[22/Sep/2026 09:57:21] "GET /api/users/ HTTP/1.1" 200 1120
[22/Sep/2026 09:57:21] "GET /api/reports/summary/ HTTP/1.1" 200 1847
[22/Sep/2026 09:57:21] "GET /api/users/ HTTP/1.1" 200 1120
[22/Sep/2026 09:57:23] "GET /api/users/ HTTP/1.1" 200 1120
[22/Sep/2026 09:57:23] "GET /api/users/ HTTP/1.1" 200 1120
[22/Sep/2026 09:57:25] "GET /api/leads/sources/ HTTP/1.1" 200 1195
[22/Sep/2026 09:57:25] "GET /api/leads/sources/ HTTP/1.1" 200 1195
[22/Sep/2026 10:32:50] "GET /api/follow-ups/ HTTP/1.1" 200 2683
[22/Sep/2026 10:32:50] "GET /api/leads/?page_size=100 HTTP/1.1" 200 5266
[22/Sep/2026 10:32:50] "GET /api/follow-ups/ HTTP/1.1" 200 2683
[22/Sep/2026 10:32:50] "GET /api/leads/?page_size=100 HTTP/1.1" 200 5266
[22/Sep/2026 10:32:55] "GET /api/reports/summary/ HTTP/1.1" 200 1847
[22/Sep/2026 10:32:55] "GET /api/reports/summary/ HTTP/1.1" 200 1847
[22/Sep/2026 10:32:58] "GET /api/leads/sources/ HTTP/1.1" 200 1195
[22/Sep/2026 10:32:58] "GET /api/activity/?page_size=6 HTTP/1.1" 200 1929
[22/Sep/2026 10:32:58] "GET /api/follow-ups/?page_size=5&ordering=follow_up_at HTTP/1.1" 200 2683
[22/Sep/2026 10:32:58] "GET /api/leads/sources/ HTTP/1.1" 200 1195
[22/Sep/2026 10:32:58] "GET /api/leads/?page=1 HTTP/1.1" 200 5266
[22/Sep/2026 10:32:58] "GET /api/activity/?page_size=6 HTTP/1.1" 200 1929
[22/Sep/2026 10:32:58] "GET /api/follow-ups/?page_size=5&ordering=follow_up_at HTTP/1.1" 200 2683
[22/Sep/2026 10:32:58] "GET /api/leads/?page=1 HTTP/1.1" 200 5266
[22/Sep/2026 10:32:58] "GET /api/reports/summary/ HTTP/1.1" 200 1847
[22/Sep/2026 10:32:58] "GET /api/reports/summary/ HTTP/1.1" 200 1847
[22/Sep/2026 10:33:00] "GET /api/follow-ups/ HTTP/1.1" 200 2683
[22/Sep/2026 10:33:00] "GET /api/leads/?page_size=100 HTTP/1.1" 200 5266
[22/Sep/2026 10:33:00] "GET /api/follow-ups/ HTTP/1.1" 200 2683
[22/Sep/2026 10:33:00] "GET /api/leads/?page_size=100 HTTP/1.1" 200 5266
[22/Sep/2026 10:33:02] "GET /api/leads/sources/ HTTP/1.1" 200 1195
[22/Sep/2026 10:33:02] "GET /api/leads/sources/ HTTP/1.1" 200 1195
[22/Sep/2026 10:33:02] "GET /api/reports/summary/ HTTP/1.1" 200 1847
[22/Sep/2026 10:33:02] "GET /api/users/ HTTP/1.1" 200 1120
[22/Sep/2026 10:33:03] "GET /api/reports/summary/ HTTP/1.1" 200 1847
[22/Sep/2026 10:33:03] "GET /api/users/ HTTP/1.1" 200 1120
[22/Sep/2026 10:33:03] "GET /api/users/ HTTP/1.1" 200 1120
[22/Sep/2026 10:33:03] "GET /api/users/ HTTP/1.1" 200 1120
[22/Sep/2026 10:33:04] "GET /api/leads/sources/ HTTP/1.1" 200 1195
[22/Sep/2026 10:33:04] "GET /api/leads/sources/ HTTP/1.1" 200 1195
[22/Sep/2026 10:33:57] "GET /api/reports/summary/ HTTP/1.1" 200 1847
[22/Sep/2026 10:33:57] "GET /api/reports/summary/ HTTP/1.1" 200 1847
[22/Sep/2026 10:34:01] "GET /api/leads/sources/ HTTP/1.1" 200 1195
[22/Sep/2026 10:34:01] "GET /api/follow-ups/?page_size=5&ordering=follow_up_at HTTP/1.1" 200 2683
[22/Sep/2026 10:34:01] "GET /api/activity/?page_size=6 HTTP/1.1" 200 1929
[22/Sep/2026 10:34:01] "GET /api/leads/sources/ HTTP/1.1" 200 1195
[22/Sep/2026 10:34:01] "GET /api/leads/?page=1 HTTP/1.1" 200 5266
[22/Sep/2026 10:34:01] "GET /api/follow-ups/?page_size=5&ordering=follow_up_at HTTP/1.1" 200 2683
[22/Sep/2026 10:34:01] "GET /api/activity/?page_size=6 HTTP/1.1" 200 1929
[22/Sep/2026 10:34:01] "GET /api/leads/?page=1 HTTP/1.1" 200 5266
[22/Sep/2026 10:34:01] "GET /api/reports/summary/ HTTP/1.1" 200 1847
[22/Sep/2026 10:34:01] "GET /api/reports/summary/ HTTP/1.1" 200 1847
[22/Sep/2026 10:34:02] "GET /api/leads/pipeline/ HTTP/1.1" 200 5680
[22/Sep/2026 10:34:02] "GET /api/leads/pipeline/ HTTP/1.1" 200 5680
[22/Sep/2026 10:34:05] "OPTIONS /api/leads/8/ HTTP/1.1" 200 0
[22/Sep/2026 10:34:05] "PATCH /api/leads/8/ HTTP/1.1" 200 307
[22/Sep/2026 10:34:05] "GET /api/leads/pipeline/ HTTP/1.1" 200 5692
[22/Sep/2026 10:34:52] "GET /api/reports/summary/ HTTP/1.1" 200 1847
[22/Sep/2026 10:34:52] "GET /api/reports/summary/ HTTP/1.1" 200 1847
[22/Sep/2026 10:35:14] "GET /api/leads/sources/ HTTP/1.1" 200 1195
[22/Sep/2026 10:35:14] "GET /api/leads/sources/ HTTP/1.1" 200 1195
[22/Sep/2026 10:35:17] "GET /api/users/ HTTP/1.1" 200 1120
[22/Sep/2026 10:35:17] "GET /api/users/ HTTP/1.1" 200 1120
[22/Sep/2026 10:35:20] "GET /api/leads/sources/ HTTP/1.1" 200 1195
[22/Sep/2026 10:35:20] "GET /api/leads/sources/ HTTP/1.1" 200 1195
[22/Sep/2026 10:35:20] "GET /api/reports/summary/ HTTP/1.1" 200 1847
[22/Sep/2026 10:35:20] "GET /api/users/ HTTP/1.1" 200 1120
[22/Sep/2026 10:35:20] "GET /api/reports/summary/ HTTP/1.1" 200 1847
[22/Sep/2026 10:35:20] "GET /api/users/ HTTP/1.1" 200 1120
[22/Sep/2026 10:35:24] "GET /api/customers/ HTTP/1.1" 200 758
[22/Sep/2026 10:35:24] "GET /api/customers/ HTTP/1.1" 200 758
[22/Sep/2026 10:35:27] "GET /api/follow-ups/ HTTP/1.1" 200 2683
[22/Sep/2026 10:35:27] "GET /api/leads/?page_size=100 HTTP/1.1" 200 5277
[22/Sep/2026 10:35:27] "GET /api/follow-ups/ HTTP/1.1" 200 2683
[22/Sep/2026 10:35:27] "GET /api/leads/?page_size=100 HTTP/1.1" 200 5277
[22/Sep/2026 10:35:31] "GET /api/leads/pipeline/ HTTP/1.1" 200 5692
[22/Sep/2026 10:35:31] "GET /api/leads/pipeline/ HTTP/1.1" 200 5692
[22/Sep/2026 10:35:33] "GET /api/leads/sources/ HTTP/1.1" 200 1195
[22/Sep/2026 10:35:33] "GET /api/activity/?page_size=6 HTTP/1.1" 200 2007
[22/Sep/2026 10:35:33] "GET /api/follow-ups/?page_size=5&ordering=follow_up_at HTTP/1.1" 200 2683
[22/Sep/2026 10:35:33] "GET /api/leads/sources/ HTTP/1.1" 200 1195
[22/Sep/2026 10:35:33] "GET /api/leads/?page=1 HTTP/1.1" 200 5277
[22/Sep/2026 10:35:33] "GET /api/activity/?page_size=6 HTTP/1.1" 200 2007
[22/Sep/2026 10:35:33] "GET /api/follow-ups/?page_size=5&ordering=follow_up_at HTTP/1.1" 200 2683
[22/Sep/2026 10:35:33] "GET /api/leads/?page=1 HTTP/1.1" 200 5277
[22/Sep/2026 10:35:33] "GET /api/reports/summary/ HTTP/1.1" 200 1847
[22/Sep/2026 10:35:33] "GET /api/reports/summary/ HTTP/1.1" 200 1847
[22/Sep/2026 10:35:35] "GET /api/reports/summary/ HTTP/1.1" 200 1847
[22/Sep/2026 10:35:35] "GET /api/reports/summary/ HTTP/1.1" 200 1847
[22/Sep/2026 10:36:29] "GET /api/follow-ups/?page_size=5&ordering=follow_up_at HTTP/1.1" 200 2683
[22/Sep/2026 10:36:29] "GET /api/leads/sources/ HTTP/1.1" 200 1195
[22/Sep/2026 10:36:29] "GET /api/activity/?page_size=6 HTTP/1.1" 200 2007
[22/Sep/2026 10:36:29] "GET /api/leads/?page=1 HTTP/1.1" 200 5277
[22/Sep/2026 10:36:29] "GET /api/follow-ups/?page_size=5&ordering=follow_up_at HTTP/1.1" 200 2683
[22/Sep/2026 10:36:29] "GET /api/leads/sources/ HTTP/1.1" 200 1195
[22/Sep/2026 10:36:29] "GET /api/activity/?page_size=6 HTTP/1.1" 200 2007
[22/Sep/2026 10:36:29] "GET /api/leads/?page=1 HTTP/1.1" 200 5277
[22/Sep/2026 10:36:29] "GET /api/reports/summary/ HTTP/1.1" 200 1847
[22/Sep/2026 10:36:29] "GET /api/reports/summary/ HTTP/1.1" 200 1847
[22/Sep/2026 10:36:31] "GET /api/leads/pipeline/ HTTP/1.1" 200 5692
[22/Sep/2026 10:36:31] "GET /api/leads/pipeline/ HTTP/1.1" 200 5692
[22/Sep/2026 10:37:55] "OPTIONS /api/leads/2/notes/ HTTP/1.1" 200 0
[22/Sep/2026 10:37:55] "OPTIONS /api/leads/2/ HTTP/1.1" 200 0
[22/Sep/2026 10:37:55] "OPTIONS /api/follow-ups/?lead=2 HTTP/1.1" 200 0
[22/Sep/2026 10:37:55] "OPTIONS /api/leads/2/timeline/ HTTP/1.1" 200 0
[22/Sep/2026 10:37:55] "OPTIONS /api/leads/2/timeline/ HTTP/1.1" 200 0
[22/Sep/2026 10:37:55] "OPTIONS /api/leads/2/ HTTP/1.1" 200 0
[22/Sep/2026 10:37:55] "OPTIONS /api/leads/2/notes/ HTTP/1.1" 200 0
[22/Sep/2026 10:37:55] "OPTIONS /api/follow-ups/?lead=2 HTTP/1.1" 200 0
[22/Sep/2026 10:37:55] "GET /api/follow-ups/?lead=2 HTTP/1.1" 200 740
[22/Sep/2026 10:37:55] "GET /api/users/ HTTP/1.1" 200 1120
[22/Sep/2026 10:37:55] "GET /api/leads/2/notes/ HTTP/1.1" 200 26
[22/Sep/2026 10:37:55] "GET /api/leads/2/timeline/ HTTP/1.1" 200 635
[22/Sep/2026 10:37:55] "GET /api/leads/2/ HTTP/1.1" 200 904
[22/Sep/2026 10:37:55] "GET /api/follow-ups/?lead=2 HTTP/1.1" 200 740
[22/Sep/2026 10:37:55] "GET /api/users/ HTTP/1.1" 200 1120
[22/Sep/2026 10:37:55] "GET /api/leads/2/notes/ HTTP/1.1" 200 26
[22/Sep/2026 10:37:55] "GET /api/leads/2/timeline/ HTTP/1.1" 200 635
[22/Sep/2026 10:37:55] "GET /api/leads/2/ HTTP/1.1" 200 904
[22/Sep/2026 10:37:59] "GET /api/leads/sources/ HTTP/1.1" 200 1195
[22/Sep/2026 10:37:59] "GET /api/activity/?page_size=6 HTTP/1.1" 200 2007
[22/Sep/2026 10:37:59] "GET /api/follow-ups/?page_size=5&ordering=follow_up_at HTTP/1.1" 200 2683
[22/Sep/2026 10:37:59] "GET /api/leads/?page=1 HTTP/1.1" 200 5277
[22/Sep/2026 10:37:59] "GET /api/leads/sources/ HTTP/1.1" 200 1195
[22/Sep/2026 10:37:59] "GET /api/activity/?page_size=6 HTTP/1.1" 200 2007
[22/Sep/2026 10:37:59] "GET /api/follow-ups/?page_size=5&ordering=follow_up_at HTTP/1.1" 200 2683
[22/Sep/2026 10:37:59] "GET /api/leads/?page=1 HTTP/1.1" 200 5277
[22/Sep/2026 10:37:59] "GET /api/reports/summary/ HTTP/1.1" 200 1847
[22/Sep/2026 10:37:59] "GET /api/reports/summary/ HTTP/1.1" 200 1847
[22/Sep/2026 10:38:22] "GET /api/leads/pipeline/ HTTP/1.1" 200 5692
[22/Sep/2026 10:38:22] "GET /api/leads/pipeline/ HTTP/1.1" 200 5692
[22/Sep/2026 10:39:55] "GET /api/auth/me/ HTTP/1.1" 200 277
[22/Sep/2026 10:39:55] "GET /api/auth/me/ HTTP/1.1" 200 277
[22/Sep/2026 10:39:55] "GET /api/follow-ups/overdue/ HTTP/1.1" 200 708
[22/Sep/2026 10:39:55] "GET /api/follow-ups/overdue/ HTTP/1.1" 200 708
[22/Sep/2026 10:39:56] "GET /api/leads/pipeline/ HTTP/1.1" 200 5692
[22/Sep/2026 10:39:56] "GET /api/leads/pipeline/ HTTP/1.1" 200 5692
[22/Sep/2026 10:39:59] "GET /api/auth/me/ HTTP/1.1" 200 277
[22/Sep/2026 10:39:59] "GET /api/auth/me/ HTTP/1.1" 200 277
[22/Sep/2026 10:39:59] "GET /api/follow-ups/overdue/ HTTP/1.1" 200 708
[22/Sep/2026 10:39:59] "GET /api/follow-ups/overdue/ HTTP/1.1" 200 708
[22/Sep/2026 10:39:59] "GET /api/leads/pipeline/ HTTP/1.1" 200 5692
[22/Sep/2026 10:40:00] "GET /api/leads/pipeline/ HTTP/1.1" 200 5692
[22/Sep/2026 10:41:47] "PATCH /api/leads/2/ HTTP/1.1" 200 300
[22/Sep/2026 10:41:47] "GET /api/leads/pipeline/ HTTP/1.1" 200 5698
